============================= test session starts =============================
platform win32 -- Python 3.12.10, pytest-9.0.3, pluggy-1.6.0 -- A:\Dev\Google\powercord-extensions\honeypot\.venv\Scripts\python.exe
cachedir: .pytest_cache
rootdir: A:\Dev\Google\powercord-extensions\honeypot
configfile: pyproject.toml
plugins: anyio-4.13.0, asyncio-1.3.0
asyncio: mode=Mode.AUTO, debug=False, asyncio_default_fixture_loop_scope=None, asyncio_default_test_loop_scope=function
collecting ... collected 5 items

tests/test_honeypot.py::test_honeypot_logic 
SETUP    S event_loop_policy
SETUP    S engineERROR
tests/test_honeypot.py::test_honeypot_timeout ERROR
tests/test_honeypot.py::test_guild_admin_honeypot_config ERROR
tests/test_honeypot.py::test_guild_admin_honeypot_reports ERROR
tests/test_honeypot.py::test_honeypot_management_commands SKIPPED (H...)
TEARDOWN S engine
TEARDOWN S event_loop_policy

=================================== ERRORS ====================================
____________________ ERROR at setup of test_honeypot_logic ____________________

self = <sqlalchemy.engine.base.Connection object at 0x00000296A7EF7890>
dialect = <sqlalchemy.dialects.sqlite.pysqlite.SQLiteDialect_pysqlite object at 0x00000296A7EF7A70>
context = <sqlalchemy.dialects.sqlite.base.SQLiteExecutionContext object at 0x00000296A7F56EA0>
statement = <sqlalchemy.dialects.sqlite.base.SQLiteDDLCompiler object at 0x00000296A7F56F00>
parameters = [()]

    def _exec_single_context(
        self,
        dialect: Dialect,
        context: ExecutionContext,
        statement: Union[str, Compiled],
        parameters: Optional[_AnyMultiExecuteParams],
    ) -> CursorResult[Any]:
        """continue the _execute_context() method for a single DBAPI
        cursor.execute() or cursor.executemany() call.
    
        """
        if dialect.bind_typing is BindTyping.SETINPUTSIZES:
            generic_setinputsizes = context._prepare_set_input_sizes()
    
            if generic_setinputsizes:
                try:
                    dialect.do_set_input_sizes(
                        context.cursor, generic_setinputsizes, context
                    )
                except BaseException as e:
                    self._handle_dbapi_exception(
                        e, str(statement), parameters, None, context
                    )
    
        cursor, str_statement, parameters = (
            context.cursor,
            context.statement,
            context.parameters,
        )
    
        effective_parameters: Optional[_AnyExecuteParams]
    
        if not context.executemany:
            effective_parameters = parameters[0]
        else:
            effective_parameters = parameters
    
        if self._has_events or self.engine._has_events:
            for fn in self.dispatch.before_cursor_execute:
                str_statement, effective_parameters = fn(
                    self,
                    cursor,
                    str_statement,
                    effective_parameters,
                    context,
                    context.executemany,
                )
    
        if self._echo:
            self._log_info(str_statement)
    
            stats = context._get_cache_stats()
    
            if not self.engine.hide_parameters:
                self._log_info(
                    "[%s] %r",
                    stats,
                    sql_util._repr_params(
                        effective_parameters,
                        batches=10,
                        ismulti=context.executemany,
                    ),
                )
            else:
                self._log_info(
                    "[%s] [SQL parameters hidden due to hide_parameters=True]",
                    stats,
                )
    
        evt_handled: bool = False
        try:
            if context.execute_style is ExecuteStyle.EXECUTEMANY:
                effective_parameters = cast(
                    "_CoreMultiExecuteParams", effective_parameters
                )
                if self.dialect._has_events:
                    for fn in self.dialect.dispatch.do_executemany:
                        if fn(
                            cursor,
                            str_statement,
                            effective_parameters,
                            context,
                        ):
                            evt_handled = True
                            break
                if not evt_handled:
                    self.dialect.do_executemany(
                        cursor,
                        str_statement,
                        effective_parameters,
                        context,
                    )
            elif not effective_parameters and context.no_parameters:
                if self.dialect._has_events:
                    for fn in self.dialect.dispatch.do_execute_no_params:
                        if fn(cursor, str_statement, context):
                            evt_handled = True
                            break
                if not evt_handled:
                    self.dialect.do_execute_no_params(
                        cursor, str_statement, context
                    )
            else:
                effective_parameters = cast(
                    "_CoreSingleExecuteParams", effective_parameters
                )
                if self.dialect._has_events:
                    for fn in self.dialect.dispatch.do_execute:
                        if fn(
                            cursor,
                            str_statement,
                            effective_parameters,
                            context,
                        ):
                            evt_handled = True
                            break
                if not evt_handled:
>                   self.dialect.do_execute(
                        cursor, str_statement, effective_parameters, context
                    )

.venv\Lib\site-packages\sqlalchemy\engine\base.py:1967: 
_ _ _ _ _ _ _ _ _ _ _ _ _ _ _ _ _ _ _ _ _ _ _ _ _ _ _ _ _ _ _ _ _ _ _ _ _ _ _ _

self = <sqlalchemy.dialects.sqlite.pysqlite.SQLiteDialect_pysqlite object at 0x00000296A7EF7A70>
cursor = <sqlite3.Cursor object at 0x00000296A7F6F640>
statement = 'CREATE UNIQUE INDEX ix_honeypot_settings_guild_id ON honeypot_settings (guild_id)'
parameters = ()
context = <sqlalchemy.dialects.sqlite.base.SQLiteExecutionContext object at 0x00000296A7F56EA0>

    def do_execute(self, cursor, statement, parameters, context=None):
>       cursor.execute(statement, parameters)
E       sqlite3.OperationalError: index ix_honeypot_settings_guild_id already exists

.venv\Lib\site-packages\sqlalchemy\engine\default.py:952: OperationalError

The above exception was the direct cause of the following exception:

self = <Coroutine test_honeypot_logic>

    def setup(self) -> None:
        runner_fixture_id = f"_{self._loop_scope}_scoped_runner"
        if runner_fixture_id not in self.fixturenames:
            self.fixturenames.append(runner_fixture_id)
>       return super().setup()
               ^^^^^^^^^^^^^^^

.venv\Lib\site-packages\pytest_asyncio\plugin.py:458: 
_ _ _ _ _ _ _ _ _ _ _ _ _ _ _ _ _ _ _ _ _ _ _ _ _ _ _ _ _ _ _ _ _ _ _ _ _ _ _ _
.venv\Lib\site-packages\pytest_asyncio\plugin.py:730: in pytest_fixture_setup
    return (yield)
            ^^^^^
..\..\powercord\tests\conftest.py:48: in fixture_engine
    SQLModel.metadata.create_all(engine)
.venv\Lib\site-packages\sqlalchemy\sql\schema.py:5931: in create_all
    bind._run_ddl_visitor(
.venv\Lib\site-packages\sqlalchemy\engine\base.py:3268: in _run_ddl_visitor
    conn._run_ddl_visitor(visitorcallable, element, **kwargs)
.venv\Lib\site-packages\sqlalchemy\engine\base.py:2467: in _run_ddl_visitor
    ).traverse_single(element)
      ^^^^^^^^^^^^^^^^^^^^^^^^
.venv\Lib\site-packages\sqlalchemy\sql\visitors.py:661: in traverse_single
    return meth(obj, **kw)
           ^^^^^^^^^^^^^^^
.venv\Lib\site-packages\sqlalchemy\sql\ddl.py:984: in visit_metadata
    self.traverse_single(
.venv\Lib\site-packages\sqlalchemy\sql\visitors.py:661: in traverse_single
    return meth(obj, **kw)
           ^^^^^^^^^^^^^^^
.venv\Lib\site-packages\sqlalchemy\sql\ddl.py:1026: in visit_table
    self.traverse_single(index, create_ok=True)
.venv\Lib\site-packages\sqlalchemy\sql\visitors.py:661: in traverse_single
    return meth(obj, **kw)
           ^^^^^^^^^^^^^^^
.venv\Lib\site-packages\sqlalchemy\sql\ddl.py:1063: in visit_index
    CreateIndex(index)._invoke_with(self.connection)
.venv\Lib\site-packages\sqlalchemy\sql\ddl.py:321: in _invoke_with
    return bind.execute(self)
           ^^^^^^^^^^^^^^^^^^
.venv\Lib\site-packages\sqlalchemy\engine\base.py:1419: in execute
    return meth(
.venv\Lib\site-packages\sqlalchemy\sql\ddl.py:187: in _execute_on_connection
    return connection._execute_ddl(
.venv\Lib\site-packages\sqlalchemy\engine\base.py:1530: in _execute_ddl
    ret = self._execute_context(
.venv\Lib\site-packages\sqlalchemy\engine\base.py:1846: in _execute_context
    return self._exec_single_context(
.venv\Lib\site-packages\sqlalchemy\engine\base.py:1986: in _exec_single_context
    self._handle_dbapi_exception(
.venv\Lib\site-packages\sqlalchemy\engine\base.py:2363: in _handle_dbapi_exception
    raise sqlalchemy_exception.with_traceback(exc_info[2]) from e
.venv\Lib\site-packages\sqlalchemy\engine\base.py:1967: in _exec_single_context
    self.dialect.do_execute(
_ _ _ _ _ _ _ _ _ _ _ _ _ _ _ _ _ _ _ _ _ _ _ _ _ _ _ _ _ _ _ _ _ _ _ _ _ _ _ _

self = <sqlalchemy.dialects.sqlite.pysqlite.SQLiteDialect_pysqlite object at 0x00000296A7EF7A70>
cursor = <sqlite3.Cursor object at 0x00000296A7F6F640>
statement = 'CREATE UNIQUE INDEX ix_honeypot_settings_guild_id ON honeypot_settings (guild_id)'
parameters = ()
context = <sqlalchemy.dialects.sqlite.base.SQLiteExecutionContext object at 0x00000296A7F56EA0>

    def do_execute(self, cursor, statement, parameters, context=None):
>       cursor.execute(statement, parameters)
E       sqlalchemy.exc.OperationalError: (sqlite3.OperationalError) index ix_honeypot_settings_guild_id already exists
E       [SQL: CREATE UNIQUE INDEX ix_honeypot_settings_guild_id ON honeypot_settings (guild_id)]
E       (Background on this error at: https://sqlalche.me/e/20/e3q8)

.venv\Lib\site-packages\sqlalchemy\engine\default.py:952: OperationalError
___________________ ERROR at setup of test_honeypot_timeout ___________________

self = <sqlalchemy.engine.base.Connection object at 0x00000296A7EF7890>
dialect = <sqlalchemy.dialects.sqlite.pysqlite.SQLiteDialect_pysqlite object at 0x00000296A7EF7A70>
context = <sqlalchemy.dialects.sqlite.base.SQLiteExecutionContext object at 0x00000296A7F56EA0>
statement = <sqlalchemy.dialects.sqlite.base.SQLiteDDLCompiler object at 0x00000296A7F56F00>
parameters = [()]

    def _exec_single_context(
        self,
        dialect: Dialect,
        context: ExecutionContext,
        statement: Union[str, Compiled],
        parameters: Optional[_AnyMultiExecuteParams],
    ) -> CursorResult[Any]:
        """continue the _execute_context() method for a single DBAPI
        cursor.execute() or cursor.executemany() call.
    
        """
        if dialect.bind_typing is BindTyping.SETINPUTSIZES:
            generic_setinputsizes = context._prepare_set_input_sizes()
    
            if generic_setinputsizes:
                try:
                    dialect.do_set_input_sizes(
                        context.cursor, generic_setinputsizes, context
                    )
                except BaseException as e:
                    self._handle_dbapi_exception(
                        e, str(statement), parameters, None, context
                    )
    
        cursor, str_statement, parameters = (
            context.cursor,
            context.statement,
            context.parameters,
        )
    
        effective_parameters: Optional[_AnyExecuteParams]
    
        if not context.executemany:
            effective_parameters = parameters[0]
        else:
            effective_parameters = parameters
    
        if self._has_events or self.engine._has_events:
            for fn in self.dispatch.before_cursor_execute:
                str_statement, effective_parameters = fn(
                    self,
                    cursor,
                    str_statement,
                    effective_parameters,
                    context,
                    context.executemany,
                )
    
        if self._echo:
            self._log_info(str_statement)
    
            stats = context._get_cache_stats()
    
            if not self.engine.hide_parameters:
                self._log_info(
                    "[%s] %r",
                    stats,
                    sql_util._repr_params(
                        effective_parameters,
                        batches=10,
                        ismulti=context.executemany,
                    ),
                )
            else:
                self._log_info(
                    "[%s] [SQL parameters hidden due to hide_parameters=True]",
                    stats,
                )
    
        evt_handled: bool = False
        try:
            if context.execute_style is ExecuteStyle.EXECUTEMANY:
                effective_parameters = cast(
                    "_CoreMultiExecuteParams", effective_parameters
                )
                if self.dialect._has_events:
                    for fn in self.dialect.dispatch.do_executemany:
                        if fn(
                            cursor,
                            str_statement,
                            effective_parameters,
                            context,
                        ):
                            evt_handled = True
                            break
                if not evt_handled:
                    self.dialect.do_executemany(
                        cursor,
                        str_statement,
                        effective_parameters,
                        context,
                    )
            elif not effective_parameters and context.no_parameters:
                if self.dialect._has_events:
                    for fn in self.dialect.dispatch.do_execute_no_params:
                        if fn(cursor, str_statement, context):
                            evt_handled = True
                            break
                if not evt_handled:
                    self.dialect.do_execute_no_params(
                        cursor, str_statement, context
                    )
            else:
                effective_parameters = cast(
                    "_CoreSingleExecuteParams", effective_parameters
                )
                if self.dialect._has_events:
                    for fn in self.dialect.dispatch.do_execute:
                        if fn(
                            cursor,
                            str_statement,
                            effective_parameters,
                            context,
                        ):
                            evt_handled = True
                            break
                if not evt_handled:
>                   self.dialect.do_execute(
                        cursor, str_statement, effective_parameters, context
                    )

.venv\Lib\site-packages\sqlalchemy\engine\base.py:1967: 
_ _ _ _ _ _ _ _ _ _ _ _ _ _ _ _ _ _ _ _ _ _ _ _ _ _ _ _ _ _ _ _ _ _ _ _ _ _ _ _

self = <sqlalchemy.dialects.sqlite.pysqlite.SQLiteDialect_pysqlite object at 0x00000296A7EF7A70>
cursor = <sqlite3.Cursor object at 0x00000296A7F6F640>
statement = 'CREATE UNIQUE INDEX ix_honeypot_settings_guild_id ON honeypot_settings (guild_id)'
parameters = ()
context = <sqlalchemy.dialects.sqlite.base.SQLiteExecutionContext object at 0x00000296A7F56EA0>

    def do_execute(self, cursor, statement, parameters, context=None):
>       cursor.execute(statement, parameters)
E       sqlite3.OperationalError: index ix_honeypot_settings_guild_id already exists

.venv\Lib\site-packages\sqlalchemy\engine\default.py:952: OperationalError

The above exception was the direct cause of the following exception:

self = <Coroutine test_honeypot_timeout>

    def setup(self) -> None:
        runner_fixture_id = f"_{self._loop_scope}_scoped_runner"
        if runner_fixture_id not in self.fixturenames:
            self.fixturenames.append(runner_fixture_id)
>       return super().setup()
               ^^^^^^^^^^^^^^^

.venv\Lib\site-packages\pytest_asyncio\plugin.py:458: 
_ _ _ _ _ _ _ _ _ _ _ _ _ _ _ _ _ _ _ _ _ _ _ _ _ _ _ _ _ _ _ _ _ _ _ _ _ _ _ _
..\..\powercord\tests\conftest.py:48: in fixture_engine
    SQLModel.metadata.create_all(engine)
.venv\Lib\site-packages\sqlalchemy\sql\schema.py:5931: in create_all
    bind._run_ddl_visitor(
.venv\Lib\site-packages\sqlalchemy\engine\base.py:3268: in _run_ddl_visitor
    conn._run_ddl_visitor(visitorcallable, element, **kwargs)
.venv\Lib\site-packages\sqlalchemy\engine\base.py:2467: in _run_ddl_visitor
    ).traverse_single(element)
      ^^^^^^^^^^^^^^^^^^^^^^^^
.venv\Lib\site-packages\sqlalchemy\sql\visitors.py:661: in traverse_single
    return meth(obj, **kw)
           ^^^^^^^^^^^^^^^
.venv\Lib\site-packages\sqlalchemy\sql\ddl.py:984: in visit_metadata
    self.traverse_single(
.venv\Lib\site-packages\sqlalchemy\sql\visitors.py:661: in traverse_single
    return meth(obj, **kw)
           ^^^^^^^^^^^^^^^
.venv\Lib\site-packages\sqlalchemy\sql\ddl.py:1026: in visit_table
    self.traverse_single(index, create_ok=True)
.venv\Lib\site-packages\sqlalchemy\sql\visitors.py:661: in traverse_single
    return meth(obj, **kw)
           ^^^^^^^^^^^^^^^
.venv\Lib\site-packages\sqlalchemy\sql\ddl.py:1063: in visit_index
    CreateIndex(index)._invoke_with(self.connection)
.venv\Lib\site-packages\sqlalchemy\sql\ddl.py:321: in _invoke_with
    return bind.execute(self)
           ^^^^^^^^^^^^^^^^^^
.venv\Lib\site-packages\sqlalchemy\engine\base.py:1419: in execute
    return meth(
.venv\Lib\site-packages\sqlalchemy\sql\ddl.py:187: in _execute_on_connection
    return connection._execute_ddl(
.venv\Lib\site-packages\sqlalchemy\engine\base.py:1530: in _execute_ddl
    ret = self._execute_context(
.venv\Lib\site-packages\sqlalchemy\engine\base.py:1846: in _execute_context
    return self._exec_single_context(
.venv\Lib\site-packages\sqlalchemy\engine\base.py:1986: in _exec_single_context
    self._handle_dbapi_exception(
.venv\Lib\site-packages\sqlalchemy\engine\base.py:2363: in _handle_dbapi_exception
    raise sqlalchemy_exception.with_traceback(exc_info[2]) from e
.venv\Lib\site-packages\sqlalchemy\engine\base.py:1967: in _exec_single_context
    self.dialect.do_execute(
_ _ _ _ _ _ _ _ _ _ _ _ _ _ _ _ _ _ _ _ _ _ _ _ _ _ _ _ _ _ _ _ _ _ _ _ _ _ _ _

self = <sqlalchemy.dialects.sqlite.pysqlite.SQLiteDialect_pysqlite object at 0x00000296A7EF7A70>
cursor = <sqlite3.Cursor object at 0x00000296A7F6F640>
statement = 'CREATE UNIQUE INDEX ix_honeypot_settings_guild_id ON honeypot_settings (guild_id)'
parameters = ()
context = <sqlalchemy.dialects.sqlite.base.SQLiteExecutionContext object at 0x00000296A7F56EA0>

    def do_execute(self, cursor, statement, parameters, context=None):
>       cursor.execute(statement, parameters)
E       sqlalchemy.exc.OperationalError: (sqlite3.OperationalError) index ix_honeypot_settings_guild_id already exists
E       [SQL: CREATE UNIQUE INDEX ix_honeypot_settings_guild_id ON honeypot_settings (guild_id)]
E       (Background on this error at: https://sqlalche.me/e/20/e3q8)

.venv\Lib\site-packages\sqlalchemy\engine\default.py:952: OperationalError
_____________ ERROR at setup of test_guild_admin_honeypot_config ______________

self = <sqlalchemy.engine.base.Connection object at 0x00000296A7EF7890>
dialect = <sqlalchemy.dialects.sqlite.pysqlite.SQLiteDialect_pysqlite object at 0x00000296A7EF7A70>
context = <sqlalchemy.dialects.sqlite.base.SQLiteExecutionContext object at 0x00000296A7F56EA0>
statement = <sqlalchemy.dialects.sqlite.base.SQLiteDDLCompiler object at 0x00000296A7F56F00>
parameters = [()]

    def _exec_single_context(
        self,
        dialect: Dialect,
        context: ExecutionContext,
        statement: Union[str, Compiled],
        parameters: Optional[_AnyMultiExecuteParams],
    ) -> CursorResult[Any]:
        """continue the _execute_context() method for a single DBAPI
        cursor.execute() or cursor.executemany() call.
    
        """
        if dialect.bind_typing is BindTyping.SETINPUTSIZES:
            generic_setinputsizes = context._prepare_set_input_sizes()
    
            if generic_setinputsizes:
                try:
                    dialect.do_set_input_sizes(
                        context.cursor, generic_setinputsizes, context
                    )
                except BaseException as e:
                    self._handle_dbapi_exception(
                        e, str(statement), parameters, None, context
                    )
    
        cursor, str_statement, parameters = (
            context.cursor,
            context.statement,
            context.parameters,
        )
    
        effective_parameters: Optional[_AnyExecuteParams]
    
        if not context.executemany:
            effective_parameters = parameters[0]
        else:
            effective_parameters = parameters
    
        if self._has_events or self.engine._has_events:
            for fn in self.dispatch.before_cursor_execute:
                str_statement, effective_parameters = fn(
                    self,
                    cursor,
                    str_statement,
                    effective_parameters,
                    context,
                    context.executemany,
                )
    
        if self._echo:
            self._log_info(str_statement)
    
            stats = context._get_cache_stats()
    
            if not self.engine.hide_parameters:
                self._log_info(
                    "[%s] %r",
                    stats,
                    sql_util._repr_params(
                        effective_parameters,
                        batches=10,
                        ismulti=context.executemany,
                    ),
                )
            else:
                self._log_info(
                    "[%s] [SQL parameters hidden due to hide_parameters=True]",
                    stats,
                )
    
        evt_handled: bool = False
        try:
            if context.execute_style is ExecuteStyle.EXECUTEMANY:
                effective_parameters = cast(
                    "_CoreMultiExecuteParams", effective_parameters
                )
                if self.dialect._has_events:
                    for fn in self.dialect.dispatch.do_executemany:
                        if fn(
                            cursor,
                            str_statement,
                            effective_parameters,
                            context,
                        ):
                            evt_handled = True
                            break
                if not evt_handled:
                    self.dialect.do_executemany(
                        cursor,
                        str_statement,
                        effective_parameters,
                        context,
                    )
            elif not effective_parameters and context.no_parameters:
                if self.dialect._has_events:
                    for fn in self.dialect.dispatch.do_execute_no_params:
                        if fn(cursor, str_statement, context):
                            evt_handled = True
                            break
                if not evt_handled:
                    self.dialect.do_execute_no_params(
                        cursor, str_statement, context
                    )
            else:
                effective_parameters = cast(
                    "_CoreSingleExecuteParams", effective_parameters
                )
                if self.dialect._has_events:
                    for fn in self.dialect.dispatch.do_execute:
                        if fn(
                            cursor,
                            str_statement,
                            effective_parameters,
                            context,
                        ):
                            evt_handled = True
                            break
                if not evt_handled:
>                   self.dialect.do_execute(
                        cursor, str_statement, effective_parameters, context
                    )

.venv\Lib\site-packages\sqlalchemy\engine\base.py:1967: 
_ _ _ _ _ _ _ _ _ _ _ _ _ _ _ _ _ _ _ _ _ _ _ _ _ _ _ _ _ _ _ _ _ _ _ _ _ _ _ _

self = <sqlalchemy.dialects.sqlite.pysqlite.SQLiteDialect_pysqlite object at 0x00000296A7EF7A70>
cursor = <sqlite3.Cursor object at 0x00000296A7F6F640>
statement = 'CREATE UNIQUE INDEX ix_honeypot_settings_guild_id ON honeypot_settings (guild_id)'
parameters = ()
context = <sqlalchemy.dialects.sqlite.base.SQLiteExecutionContext object at 0x00000296A7F56EA0>

    def do_execute(self, cursor, statement, parameters, context=None):
>       cursor.execute(statement, parameters)
E       sqlite3.OperationalError: index ix_honeypot_settings_guild_id already exists

.venv\Lib\site-packages\sqlalchemy\engine\default.py:952: OperationalError

The above exception was the direct cause of the following exception:

    @pytest.fixture(name="engine", scope="session")
    def fixture_engine():
        if DATABASE_URL.startswith("sqlite"):
            engine = create_engine(
                DATABASE_URL,
                connect_args={"check_same_thread": False},
                poolclass=StaticPool,
            )
        else:
            engine = create_engine(DATABASE_URL)
    
>       SQLModel.metadata.create_all(engine)

..\..\powercord\tests\conftest.py:48: 
_ _ _ _ _ _ _ _ _ _ _ _ _ _ _ _ _ _ _ _ _ _ _ _ _ _ _ _ _ _ _ _ _ _ _ _ _ _ _ _
.venv\Lib\site-packages\sqlalchemy\sql\schema.py:5931: in create_all
    bind._run_ddl_visitor(
.venv\Lib\site-packages\sqlalchemy\engine\base.py:3268: in _run_ddl_visitor
    conn._run_ddl_visitor(visitorcallable, element, **kwargs)
.venv\Lib\site-packages\sqlalchemy\engine\base.py:2467: in _run_ddl_visitor
    ).traverse_single(element)
      ^^^^^^^^^^^^^^^^^^^^^^^^
.venv\Lib\site-packages\sqlalchemy\sql\visitors.py:661: in traverse_single
    return meth(obj, **kw)
           ^^^^^^^^^^^^^^^
.venv\Lib\site-packages\sqlalchemy\sql\ddl.py:984: in visit_metadata
    self.traverse_single(
.venv\Lib\site-packages\sqlalchemy\sql\visitors.py:661: in traverse_single
    return meth(obj, **kw)
           ^^^^^^^^^^^^^^^
.venv\Lib\site-packages\sqlalchemy\sql\ddl.py:1026: in visit_table
    self.traverse_single(index, create_ok=True)
.venv\Lib\site-packages\sqlalchemy\sql\visitors.py:661: in traverse_single
    return meth(obj, **kw)
           ^^^^^^^^^^^^^^^
.venv\Lib\site-packages\sqlalchemy\sql\ddl.py:1063: in visit_index
    CreateIndex(index)._invoke_with(self.connection)
.venv\Lib\site-packages\sqlalchemy\sql\ddl.py:321: in _invoke_with
    return bind.execute(self)
           ^^^^^^^^^^^^^^^^^^
.venv\Lib\site-packages\sqlalchemy\engine\base.py:1419: in execute
    return meth(
.venv\Lib\site-packages\sqlalchemy\sql\ddl.py:187: in _execute_on_connection
    return connection._execute_ddl(
.venv\Lib\site-packages\sqlalchemy\engine\base.py:1530: in _execute_ddl
    ret = self._execute_context(
.venv\Lib\site-packages\sqlalchemy\engine\base.py:1846: in _execute_context
    return self._exec_single_context(
.venv\Lib\site-packages\sqlalchemy\engine\base.py:1986: in _exec_single_context
    self._handle_dbapi_exception(
.venv\Lib\site-packages\sqlalchemy\engine\base.py:2363: in _handle_dbapi_exception
    raise sqlalchemy_exception.with_traceback(exc_info[2]) from e
.venv\Lib\site-packages\sqlalchemy\engine\base.py:1967: in _exec_single_context
    self.dialect.do_execute(
_ _ _ _ _ _ _ _ _ _ _ _ _ _ _ _ _ _ _ _ _ _ _ _ _ _ _ _ _ _ _ _ _ _ _ _ _ _ _ _

self = <sqlalchemy.dialects.sqlite.pysqlite.SQLiteDialect_pysqlite object at 0x00000296A7EF7A70>
cursor = <sqlite3.Cursor object at 0x00000296A7F6F640>
statement = 'CREATE UNIQUE INDEX ix_honeypot_settings_guild_id ON honeypot_settings (guild_id)'
parameters = ()
context = <sqlalchemy.dialects.sqlite.base.SQLiteExecutionContext object at 0x00000296A7F56EA0>

    def do_execute(self, cursor, statement, parameters, context=None):
>       cursor.execute(statement, parameters)
E       sqlalchemy.exc.OperationalError: (sqlite3.OperationalError) index ix_honeypot_settings_guild_id already exists
E       [SQL: CREATE UNIQUE INDEX ix_honeypot_settings_guild_id ON honeypot_settings (guild_id)]
E       (Background on this error at: https://sqlalche.me/e/20/e3q8)

.venv\Lib\site-packages\sqlalchemy\engine\default.py:952: OperationalError
_____________ ERROR at setup of test_guild_admin_honeypot_reports _____________

self = <sqlalchemy.engine.base.Connection object at 0x00000296A7EF7890>
dialect = <sqlalchemy.dialects.sqlite.pysqlite.SQLiteDialect_pysqlite object at 0x00000296A7EF7A70>
context = <sqlalchemy.dialects.sqlite.base.SQLiteExecutionContext object at 0x00000296A7F56EA0>
statement = <sqlalchemy.dialects.sqlite.base.SQLiteDDLCompiler object at 0x00000296A7F56F00>
parameters = [()]

    def _exec_single_context(
        self,
        dialect: Dialect,
        context: ExecutionContext,
        statement: Union[str, Compiled],
        parameters: Optional[_AnyMultiExecuteParams],
    ) -> CursorResult[Any]:
        """continue the _execute_context() method for a single DBAPI
        cursor.execute() or cursor.executemany() call.
    
        """
        if dialect.bind_typing is BindTyping.SETINPUTSIZES:
            generic_setinputsizes = context._prepare_set_input_sizes()
    
            if generic_setinputsizes:
                try:
                    dialect.do_set_input_sizes(
                        context.cursor, generic_setinputsizes, context
                    )
                except BaseException as e:
                    self._handle_dbapi_exception(
                        e, str(statement), parameters, None, context
                    )
    
        cursor, str_statement, parameters = (
            context.cursor,
            context.statement,
            context.parameters,
        )
    
        effective_parameters: Optional[_AnyExecuteParams]
    
        if not context.executemany:
            effective_parameters = parameters[0]
        else:
            effective_parameters = parameters
    
        if self._has_events or self.engine._has_events:
            for fn in self.dispatch.before_cursor_execute:
                str_statement, effective_parameters = fn(
                    self,
                    cursor,
                    str_statement,
                    effective_parameters,
                    context,
                    context.executemany,
                )
    
        if self._echo:
            self._log_info(str_statement)
    
            stats = context._get_cache_stats()
    
            if not self.engine.hide_parameters:
                self._log_info(
                    "[%s] %r",
                    stats,
                    sql_util._repr_params(
                        effective_parameters,
                        batches=10,
                        ismulti=context.executemany,
                    ),
                )
            else:
                self._log_info(
                    "[%s] [SQL parameters hidden due to hide_parameters=True]",
                    stats,
                )
    
        evt_handled: bool = False
        try:
            if context.execute_style is ExecuteStyle.EXECUTEMANY:
                effective_parameters = cast(
                    "_CoreMultiExecuteParams", effective_parameters
                )
                if self.dialect._has_events:
                    for fn in self.dialect.dispatch.do_executemany:
                        if fn(
                            cursor,
                            str_statement,
                            effective_parameters,
                            context,
                        ):
                            evt_handled = True
                            break
                if not evt_handled:
                    self.dialect.do_executemany(
                        cursor,
                        str_statement,
                        effective_parameters,
                        context,
                    )
            elif not effective_parameters and context.no_parameters:
                if self.dialect._has_events:
                    for fn in self.dialect.dispatch.do_execute_no_params:
                        if fn(cursor, str_statement, context):
                            evt_handled = True
                            break
                if not evt_handled:
                    self.dialect.do_execute_no_params(
                        cursor, str_statement, context
                    )
            else:
                effective_parameters = cast(
                    "_CoreSingleExecuteParams", effective_parameters
                )
                if self.dialect._has_events:
                    for fn in self.dialect.dispatch.do_execute:
                        if fn(
                            cursor,
                            str_statement,
                            effective_parameters,
                            context,
                        ):
                            evt_handled = True
                            break
                if not evt_handled:
>                   self.dialect.do_execute(
                        cursor, str_statement, effective_parameters, context
                    )

.venv\Lib\site-packages\sqlalchemy\engine\base.py:1967: 
_ _ _ _ _ _ _ _ _ _ _ _ _ _ _ _ _ _ _ _ _ _ _ _ _ _ _ _ _ _ _ _ _ _ _ _ _ _ _ _

self = <sqlalchemy.dialects.sqlite.pysqlite.SQLiteDialect_pysqlite object at 0x00000296A7EF7A70>
cursor = <sqlite3.Cursor object at 0x00000296A7F6F640>
statement = 'CREATE UNIQUE INDEX ix_honeypot_settings_guild_id ON honeypot_settings (guild_id)'
parameters = ()
context = <sqlalchemy.dialects.sqlite.base.SQLiteExecutionContext object at 0x00000296A7F56EA0>

    def do_execute(self, cursor, statement, parameters, context=None):
>       cursor.execute(statement, parameters)
E       sqlite3.OperationalError: index ix_honeypot_settings_guild_id already exists

.venv\Lib\site-packages\sqlalchemy\engine\default.py:952: OperationalError

The above exception was the direct cause of the following exception:

    @pytest.fixture(name="engine", scope="session")
    def fixture_engine():
        if DATABASE_URL.startswith("sqlite"):
            engine = create_engine(
                DATABASE_URL,
                connect_args={"check_same_thread": False},
                poolclass=StaticPool,
            )
        else:
            engine = create_engine(DATABASE_URL)
    
>       SQLModel.metadata.create_all(engine)

..\..\powercord\tests\conftest.py:48: 
_ _ _ _ _ _ _ _ _ _ _ _ _ _ _ _ _ _ _ _ _ _ _ _ _ _ _ _ _ _ _ _ _ _ _ _ _ _ _ _
.venv\Lib\site-packages\sqlalchemy\sql\schema.py:5931: in create_all
    bind._run_ddl_visitor(
.venv\Lib\site-packages\sqlalchemy\engine\base.py:3268: in _run_ddl_visitor
    conn._run_ddl_visitor(visitorcallable, element, **kwargs)
.venv\Lib\site-packages\sqlalchemy\engine\base.py:2467: in _run_ddl_visitor
    ).traverse_single(element)
      ^^^^^^^^^^^^^^^^^^^^^^^^
.venv\Lib\site-packages\sqlalchemy\sql\visitors.py:661: in traverse_single
    return meth(obj, **kw)
           ^^^^^^^^^^^^^^^
.venv\Lib\site-packages\sqlalchemy\sql\ddl.py:984: in visit_metadata
    self.traverse_single(
.venv\Lib\site-packages\sqlalchemy\sql\visitors.py:661: in traverse_single
    return meth(obj, **kw)
           ^^^^^^^^^^^^^^^
.venv\Lib\site-packages\sqlalchemy\sql\ddl.py:1026: in visit_table
    self.traverse_single(index, create_ok=True)
.venv\Lib\site-packages\sqlalchemy\sql\visitors.py:661: in traverse_single
    return meth(obj, **kw)
           ^^^^^^^^^^^^^^^
.venv\Lib\site-packages\sqlalchemy\sql\ddl.py:1063: in visit_index
    CreateIndex(index)._invoke_with(self.connection)
.venv\Lib\site-packages\sqlalchemy\sql\ddl.py:321: in _invoke_with
    return bind.execute(self)
           ^^^^^^^^^^^^^^^^^^
.venv\Lib\site-packages\sqlalchemy\engine\base.py:1419: in execute
    return meth(
.venv\Lib\site-packages\sqlalchemy\sql\ddl.py:187: in _execute_on_connection
    return connection._execute_ddl(
.venv\Lib\site-packages\sqlalchemy\engine\base.py:1530: in _execute_ddl
    ret = self._execute_context(
.venv\Lib\site-packages\sqlalchemy\engine\base.py:1846: in _execute_context
    return self._exec_single_context(
.venv\Lib\site-packages\sqlalchemy\engine\base.py:1986: in _exec_single_context
    self._handle_dbapi_exception(
.venv\Lib\site-packages\sqlalchemy\engine\base.py:2363: in _handle_dbapi_exception
    raise sqlalchemy_exception.with_traceback(exc_info[2]) from e
.venv\Lib\site-packages\sqlalchemy\engine\base.py:1967: in _exec_single_context
    self.dialect.do_execute(
_ _ _ _ _ _ _ _ _ _ _ _ _ _ _ _ _ _ _ _ _ _ _ _ _ _ _ _ _ _ _ _ _ _ _ _ _ _ _ _

self = <sqlalchemy.dialects.sqlite.pysqlite.SQLiteDialect_pysqlite object at 0x00000296A7EF7A70>
cursor = <sqlite3.Cursor object at 0x00000296A7F6F640>
statement = 'CREATE UNIQUE INDEX ix_honeypot_settings_guild_id ON honeypot_settings (guild_id)'
parameters = ()
context = <sqlalchemy.dialects.sqlite.base.SQLiteExecutionContext object at 0x00000296A7F56EA0>

    def do_execute(self, cursor, statement, parameters, context=None):
>       cursor.execute(statement, parameters)
E       sqlalchemy.exc.OperationalError: (sqlite3.OperationalError) index ix_honeypot_settings_guild_id already exists
E       [SQL: CREATE UNIQUE INDEX ix_honeypot_settings_guild_id ON honeypot_settings (guild_id)]
E       (Background on this error at: https://sqlalche.me/e/20/e3q8)

.venv\Lib\site-packages\sqlalchemy\engine\default.py:952: OperationalError
============================== warnings summary ===============================
.venv\Lib\site-packages\nextcord\player.py:5
  A:\Dev\Google\powercord-extensions\honeypot\.venv\Lib\site-packages\nextcord\player.py:5: DeprecationWarning: 'audioop' is deprecated and slated for removal in Python 3.13
    import audioop

tests\test_honeypot.py:13
  A:\Dev\Google\powercord-extensions\honeypot\tests\test_honeypot.py:13: PytestUnknownMarkWarning: Unknown pytest.mark.unit - is this a typo?  You can register custom marks to avoid this warning - for details, see https://docs.pytest.org/en/stable/how-to/mark.html
    pytestmark = pytest.mark.unit

-- Docs: https://docs.pytest.org/en/stable/how-to/capture-warnings.html
=========================== short test summary info ===========================
ERROR tests/test_honeypot.py::test_honeypot_logic - sqlalchemy.exc.Operationa...
ERROR tests/test_honeypot.py::test_honeypot_timeout - sqlalchemy.exc.Operatio...
ERROR tests/test_honeypot.py::test_guild_admin_honeypot_config - sqlalchemy.e...
ERROR tests/test_honeypot.py::test_guild_admin_honeypot_reports - sqlalchemy....
================== 1 skipped, 2 warnings, 4 errors in 1.75s ===================
